[INFO] Error stacktraces are turned on.
[INFO] Scanning for projects...
[INFO] 
[INFO] --------------------------< com.example:demo >--------------------------
[INFO] Building demo 0.0.1-SNAPSHOT
[INFO]   from pom.xml
[INFO] --------------------------------[ jar ]---------------------------------
[INFO] 
[INFO] --- resources:3.3.1:resources (default-resources) @ demo ---
[INFO] Copying 1 resource from src\main\resources to target\classes
[INFO] Copying 1 resource from src\main\resources to target\classes
[INFO] 
[INFO] --- compiler:3.11.0:compile (default-compile) @ demo ---
[INFO] Changes detected - recompiling the module! :source
[INFO] Compiling 105 source files with javac [debug release 17] to target\classes
[INFO] -------------------------------------------------------------
[ERROR] COMPILATION ERROR : 
[INFO] -------------------------------------------------------------
[ERROR] /D:/Projects/global-ipi-platform/backend/src/main/java/com/example/demo/admin/controller/AdminMonitoringController.java:[17,12] class, interface, enum, or record expected
[ERROR] /D:/Projects/global-ipi-platform/backend/src/main/java/com/example/demo/admin/controller/AdminMonitoringController.java:[18,67] class, interface, enum, or record expected
[ERROR] /D:/Projects/global-ipi-platform/backend/src/main/java/com/example/demo/admin/controller/AdminMonitoringController.java:[19,67] class, interface, enum, or record expected
[ERROR] /D:/Projects/global-ipi-platform/backend/src/main/java/com/example/demo/admin/controller/AdminMonitoringController.java:[24,9] class, interface, enum, or record expected
[ERROR] /D:/Projects/global-ipi-platform/backend/src/main/java/com/example/demo/admin/controller/AdminMonitoringController.java:[27,9] class, interface, enum, or record expected
[ERROR] /D:/Projects/global-ipi-platform/backend/src/main/java/com/example/demo/admin/controller/AdminMonitoringController.java:[30,9] class, interface, enum, or record expected
[ERROR] /D:/Projects/global-ipi-platform/backend/src/main/java/com/example/demo/admin/controller/AdminMonitoringController.java:[33,9] class, interface, enum, or record expected
[ERROR] /D:/Projects/global-ipi-platform/backend/src/main/java/com/example/demo/admin/controller/AdminMonitoringController.java:[36,9] class, interface, enum, or record expected
[ERROR] /D:/Projects/global-ipi-platform/backend/src/main/java/com/example/demo/admin/controller/AdminMonitoringController.java:[37,9] class, interface, enum, or record expected
[ERROR] /D:/Projects/global-ipi-platform/backend/src/main/java/com/example/demo/admin/controller/AdminMonitoringController.java:[38,9] class, interface, enum, or record expected
[ERROR] /D:/Projects/global-ipi-platform/backend/src/main/java/com/example/demo/admin/controller/AdminMonitoringController.java:[39,9] class, interface, enum, or record expected
[ERROR] /D:/Projects/global-ipi-platform/backend/src/main/java/com/example/demo/admin/controller/AdminMonitoringController.java:[40,9] class, interface, enum, or record expected
[ERROR] /D:/Projects/global-ipi-platform/backend/src/main/java/com/example/demo/admin/controller/AdminMonitoringController.java:[41,9] class, interface, enum, or record expected
[ERROR] /D:/Projects/global-ipi-platform/backend/src/main/java/com/example/demo/admin/controller/AdminMonitoringController.java:[43,9] class, interface, enum, or record expected
[ERROR] /D:/Projects/global-ipi-platform/backend/src/main/java/com/example/demo/admin/controller/AdminMonitoringController.java:[44,9] class, interface, enum, or record expected
[ERROR] /D:/Projects/global-ipi-platform/backend/src/main/java/com/example/demo/admin/controller/AdminMonitoringController.java:[45,9] class, interface, enum, or record expected
[ERROR] /D:/Projects/global-ipi-platform/backend/src/main/java/com/example/demo/admin/controller/AdminMonitoringController.java:[46,9] class, interface, enum, or record expected
[ERROR] /D:/Projects/global-ipi-platform/backend/src/main/java/com/example/demo/admin/controller/AdminMonitoringController.java:[47,9] class, interface, enum, or record expected
[ERROR] /D:/Projects/global-ipi-platform/backend/src/main/java/com/example/demo/admin/controller/AdminMonitoringController.java:[49,9] class, interface, enum, or record expected
[ERROR] /D:/Projects/global-ipi-platform/backend/src/main/java/com/example/demo/admin/controller/AdminMonitoringController.java:[51,9] class, interface, enum, or record expected
[ERROR] /D:/Projects/global-ipi-platform/backend/src/main/java/com/example/demo/admin/controller/AdminMonitoringController.java:[52,5] class, interface, enum, or record expected
[ERROR] /D:/Projects/global-ipi-platform/backend/src/main/java/com/example/demo/admin/controller/AdminMonitoringController.java:[56,12] class, interface, enum, or record expected
[ERROR] /D:/Projects/global-ipi-platform/backend/src/main/java/com/example/demo/admin/controller/AdminMonitoringController.java:[58,5] class, interface, enum, or record expected
[ERROR] /D:/Projects/global-ipi-platform/backend/src/main/java/com/example/demo/admin/controller/AdminMonitoringController.java:[61,12] class, interface, enum, or record expected
[ERROR] /D:/Projects/global-ipi-platform/backend/src/main/java/com/example/demo/admin/controller/AdminMonitoringController.java:[63,5] class, interface, enum, or record expected
[ERROR] /D:/Projects/global-ipi-platform/backend/src/main/java/com/example/demo/admin/controller/AdminMonitoringController.java:[66,12] class, interface, enum, or record expected
[ERROR] /D:/Projects/global-ipi-platform/backend/src/main/java/com/example/demo/admin/controller/AdminMonitoringController.java:[68,5] class, interface, enum, or record expected
[ERROR] /D:/Projects/global-ipi-platform/backend/src/main/java/com/example/demo/admin/controller/AdminMonitoringController.java:[71,12] class, interface, enum, or record expected
[ERROR] /D:/Projects/global-ipi-platform/backend/src/main/java/com/example/demo/admin/controller/AdminMonitoringController.java:[73,5] class, interface, enum, or record expected
[ERROR] /D:/Projects/global-ipi-platform/backend/src/main/java/com/example/demo/admin/controller/AdminMonitoringController.java:[76,12] class, interface, enum, or record expected
[ERROR] /D:/Projects/global-ipi-platform/backend/src/main/java/com/example/demo/admin/controller/AdminMonitoringController.java:[78,5] class, interface, enum, or record expected
[ERROR] /D:/Projects/global-ipi-platform/backend/src/main/java/com/example/demo/admin/controller/AdminMonitoringController.java:[81,12] class, interface, enum, or record expected
[ERROR] /D:/Projects/global-ipi-platform/backend/src/main/java/com/example/demo/admin/controller/AdminMonitoringController.java:[83,5] class, interface, enum, or record expected
[ERROR] /D:/Projects/global-ipi-platform/backend/src/main/java/com/example/demo/admin/controller/AdminMonitoringController.java:[86,12] class, interface, enum, or record expected
[ERROR] /D:/Projects/global-ipi-platform/backend/src/main/java/com/example/demo/admin/controller/AdminMonitoringController.java:[88,5] class, interface, enum, or record expected
[ERROR] /D:/Projects/global-ipi-platform/backend/src/main/java/com/example/demo/admin/controller/AdminMonitoringController.java:[91,12] class, interface, enum, or record expected
[ERROR] /D:/Projects/global-ipi-platform/backend/src/main/java/com/example/demo/admin/controller/AdminMonitoringController.java:[93,5] class, interface, enum, or record expected
[ERROR] /D:/Projects/global-ipi-platform/backend/src/main/java/com/example/demo/admin/controller/AdminMonitoringController.java:[96,12] class, interface, enum, or record expected
[ERROR] /D:/Projects/global-ipi-platform/backend/src/main/java/com/example/demo/admin/controller/AdminMonitoringController.java:[98,5] class, interface, enum, or record expected
[INFO] 39 errors 
[INFO] -------------------------------------------------------------
[INFO] ------------------------------------------------------------------------
[INFO] BUILD FAILURE
[INFO] ------------------------------------------------------------------------
[INFO] Total time:  2.875 s
[INFO] Finished at: 2026-01-21T02:35:35+05:30
[INFO] ------------------------------------------------------------------------
[ERROR] Failed to execute goal org.apache.maven.plugins:maven-compiler-plugin:3.11.0:compile (default-compile) on project demo: Compilation failure: Compilation failure: 
[ERROR] /D:/Projects/global-ipi-platform/backend/src/main/java/com/example/demo/admin/controller/AdminMonitoringController.java:[17,12] class, interface, enum, or record expected
[ERROR] /D:/Projects/global-ipi-platform/backend/src/main/java/com/example/demo/admin/controller/AdminMonitoringController.java:[18,67] class, interface, enum, or record expected
[ERROR] /D:/Projects/global-ipi-platform/backend/src/main/java/com/example/demo/admin/controller/AdminMonitoringController.java:[19,67] class, interface, enum, or record expected
[ERROR] /D:/Projects/global-ipi-platform/backend/src/main/java/com/example/demo/admin/controller/AdminMonitoringController.java:[24,9] class, interface, enum, or record expected
[ERROR] /D:/Projects/global-ipi-platform/backend/src/main/java/com/example/demo/admin/controller/AdminMonitoringController.java:[27,9] class, interface, enum, or record expected
[ERROR] /D:/Projects/global-ipi-platform/backend/src/main/java/com/example/demo/admin/controller/AdminMonitoringController.java:[30,9] class, interface, enum, or record expected
[ERROR] /D:/Projects/global-ipi-platform/backend/src/main/java/com/example/demo/admin/controller/AdminMonitoringController.java:[33,9] class, interface, enum, or record expected
[ERROR] /D:/Projects/global-ipi-platform/backend/src/main/java/com/example/demo/admin/controller/AdminMonitoringController.java:[36,9] class, interface, enum, or record expected
[ERROR] /D:/Projects/global-ipi-platform/backend/src/main/java/com/example/demo/admin/controller/AdminMonitoringController.java:[37,9] class, interface, enum, or record expected
[ERROR] /D:/Projects/global-ipi-platform/backend/src/main/java/com/example/demo/admin/controller/AdminMonitoringController.java:[38,9] class, interface, enum, or record expected
[ERROR] /D:/Projects/global-ipi-platform/backend/src/main/java/com/example/demo/admin/controller/AdminMonitoringController.java:[39,9] class, interface, enum, or record expected
[ERROR] /D:/Projects/global-ipi-platform/backend/src/main/java/com/example/demo/admin/controller/AdminMonitoringController.java:[40,9] class, interface, enum, or record expected
[ERROR] /D:/Projects/global-ipi-platform/backend/src/main/java/com/example/demo/admin/controller/AdminMonitoringController.java:[41,9] class, interface, enum, or record expected
[ERROR] /D:/Projects/global-ipi-platform/backend/src/main/java/com/example/demo/admin/controller/AdminMonitoringController.java:[43,9] class, interface, enum, or record expected
[ERROR] /D:/Projects/global-ipi-platform/backend/src/main/java/com/example/demo/admin/controller/AdminMonitoringController.java:[44,9] class, interface, enum, or record expected
[ERROR] /D:/Projects/global-ipi-platform/backend/src/main/java/com/example/demo/admin/controller/AdminMonitoringController.java:[45,9] class, interface, enum, or record expected
[ERROR] /D:/Projects/global-ipi-platform/backend/src/main/java/com/example/demo/admin/controller/AdminMonitoringController.java:[46,9] class, interface, enum, or record expected
[ERROR] /D:/Projects/global-ipi-platform/backend/src/main/java/com/example/demo/admin/controller/AdminMonitoringController.java:[47,9] class, interface, enum, or record expected
[ERROR] /D:/Projects/global-ipi-platform/backend/src/main/java/com/example/demo/admin/controller/AdminMonitoringController.java:[49,9] class, interface, enum, or record expected
[ERROR] /D:/Projects/global-ipi-platform/backend/src/main/java/com/example/demo/admin/controller/AdminMonitoringController.java:[51,9] class, interface, enum, or record expected
[ERROR] /D:/Projects/global-ipi-platform/backend/src/main/java/com/example/demo/admin/controller/AdminMonitoringController.java:[52,5] class, interface, enum, or record expected
[ERROR] /D:/Projects/global-ipi-platform/backend/src/main/java/com/example/demo/admin/controller/AdminMonitoringController.java:[56,12] class, interface, enum, or record expected
[ERROR] /D:/Projects/global-ipi-platform/backend/src/main/java/com/example/demo/admin/controller/AdminMonitoringController.java:[58,5] class, interface, enum, or record expected
[ERROR] /D:/Projects/global-ipi-platform/backend/src/main/java/com/example/demo/admin/controller/AdminMonitoringController.java:[61,12] class, interface, enum, or record expected
[ERROR] /D:/Projects/global-ipi-platform/backend/src/main/java/com/example/demo/admin/controller/AdminMonitoringController.java:[63,5] class, interface, enum, or record expected
[ERROR] /D:/Projects/global-ipi-platform/backend/src/main/java/com/example/demo/admin/controller/AdminMonitoringController.java:[66,12] class, interface, enum, or record expected
[ERROR] /D:/Projects/global-ipi-platform/backend/src/main/java/com/example/demo/admin/controller/AdminMonitoringController.java:[68,5] class, interface, enum, or record expected
[ERROR] /D:/Projects/global-ipi-platform/backend/src/main/java/com/example/demo/admin/controller/AdminMonitoringController.java:[71,12] class, interface, enum, or record expected
[ERROR] /D:/Projects/global-ipi-platform/backend/src/main/java/com/example/demo/admin/controller/AdminMonitoringController.java:[73,5] class, interface, enum, or record expected
[ERROR] /D:/Projects/global-ipi-platform/backend/src/main/java/com/example/demo/admin/controller/AdminMonitoringController.java:[76,12] class, interface, enum, or record expected
[ERROR] /D:/Projects/global-ipi-platform/backend/src/main/java/com/example/demo/admin/controller/AdminMonitoringController.java:[78,5] class, interface, enum, or record expected
[ERROR] /D:/Projects/global-ipi-platform/backend/src/main/java/com/example/demo/admin/controller/AdminMonitoringController.java:[81,12] class, interface, enum, or record expected
[ERROR] /D:/Projects/global-ipi-platform/backend/src/main/java/com/example/demo/admin/controller/AdminMonitoringController.java:[83,5] class, interface, enum, or record expected
[ERROR] /D:/Projects/global-ipi-platform/backend/src/main/java/com/example/demo/admin/controller/AdminMonitoringController.java:[86,12] class, interface, enum, or record expected
[ERROR] /D:/Projects/global-ipi-platform/backend/src/main/java/com/example/demo/admin/controller/AdminMonitoringController.java:[88,5] class, interface, enum, or record expected
[ERROR] /D:/Projects/global-ipi-platform/backend/src/main/java/com/example/demo/admin/controller/AdminMonitoringController.java:[91,12] class, interface, enum, or record expected
[ERROR] /D:/Projects/global-ipi-platform/backend/src/main/java/com/example/demo/admin/controller/AdminMonitoringController.java:[93,5] class, interface, enum, or record expected
[ERROR] /D:/Projects/global-ipi-platform/backend/src/main/java/com/example/demo/admin/controller/AdminMonitoringController.java:[96,12] class, interface, enum, or record expected
[ERROR] /D:/Projects/global-ipi-platform/backend/src/main/java/com/example/demo/admin/controller/AdminMonitoringController.java:[98,5] class, interface, enum, or record expected
[ERROR] -> [Help 1]
org.apache.maven.lifecycle.LifecycleExecutionException: Failed to execute goal org.apache.maven.plugins:maven-compiler-plugin:3.11.0:compile (default-compile) on project demo: Compilation failure
    at org.apache.maven.lifecycle.internal.MojoExecutor.doExecute2 (MojoExecutor.java:333)
    at org.apache.maven.lifecycle.internal.MojoExecutor.doExecute (MojoExecutor.java:316)
    at org.apache.maven.lifecycle.internal.MojoExecutor.execute (MojoExecutor.java:212)
    at org.apache.maven.lifecycle.internal.MojoExecutor.execute (MojoExecutor.java:174)
    at org.apache.maven.lifecycle.internal.MojoExecutor.access$000 (MojoExecutor.java:75)
    at org.apache.maven.lifecycle.internal.MojoExecutor$1.run (MojoExecutor.java:162)
    at org.apache.maven.plugin.DefaultMojosExecutionStrategy.execute (DefaultMojosExecutionStrategy.java:39)
    at org.apache.maven.lifecycle.internal.MojoExecutor.execute (MojoExecutor.java:159)
    at org.apache.maven.lifecycle.internal.LifecycleModuleBuilder.buildProject (LifecycleModuleBuilder.java:105)
    at org.apache.maven.lifecycle.internal.LifecycleModuleBuilder.buildProject (LifecycleModuleBuilder.java:73)
    at org.apache.maven.lifecycle.internal.builder.singlethreaded.SingleThreadedBuilder.build (SingleThreadedBuilder.java:53)
    at org.apache.maven.lifecycle.internal.LifecycleStarter.execute (LifecycleStarter.java:118)
    at org.apache.maven.DefaultMaven.doExecute (DefaultMaven.java:261)
    at org.apache.maven.DefaultMaven.doExecute (DefaultMaven.java:173)
    at org.apache.maven.DefaultMaven.execute (DefaultMaven.java:101)
    at org.apache.maven.cli.MavenCli.execute (MavenCli.java:906)
    at org.apache.maven.cli.MavenCli.doMain (MavenCli.java:283)
    at org.apache.maven.cli.MavenCli.main (MavenCli.java:206)
    at jdk.internal.reflect.NativeMethodAccessorImpl.invoke0 (Native Method)
    at jdk.internal.reflect.NativeMethodAccessorImpl.invoke (NativeMethodAccessorImpl.java:77)
    at jdk.internal.reflect.DelegatingMethodAccessorImpl.invoke (DelegatingMethodAccessorImpl.java:43)
    at java.lang.reflect.Method.invoke (Method.java:569)
    at org.codehaus.plexus.classworlds.launcher.Launcher.launchEnhanced (Launcher.java:255)
    at org.codehaus.plexus.classworlds.launcher.Launcher.launch (Launcher.java:201)
    at org.codehaus.plexus.classworlds.launcher.Launcher.mainWithExitCode (Launcher.java:361)
    at org.codehaus.plexus.classworlds.launcher.Launcher.main (Launcher.java:314)
Caused by: org.apache.maven.plugin.compiler.CompilationFailureException: Compilation failure
    at org.apache.maven.plugin.compiler.AbstractCompilerMojo.execute (AbstractCompilerMojo.java:1212)
    at org.apache.maven.plugin.compiler.CompilerMojo.execute (CompilerMojo.java:193)
    at org.apache.maven.plugin.DefaultBuildPluginManager.executeMojo (DefaultBuildPluginManager.java:126)
    at org.apache.maven.lifecycle.internal.MojoExecutor.doExecute2 (MojoExecutor.java:328)
    at org.apache.maven.lifecycle.internal.MojoExecutor.doExecute (MojoExecutor.java:316)
    at org.apache.maven.lifecycle.internal.MojoExecutor.execute (MojoExecutor.java:212)
    at org.apache.maven.lifecycle.internal.MojoExecutor.execute (MojoExecutor.java:174)
    at org.apache.maven.lifecycle.internal.MojoExecutor.access$000 (MojoExecutor.java:75)
    at org.apache.maven.lifecycle.internal.MojoExecutor$1.run (MojoExecutor.java:162)
    at org.apache.maven.plugin.DefaultMojosExecutionStrategy.execute (DefaultMojosExecutionStrategy.java:39)
    at org.apache.maven.lifecycle.internal.MojoExecutor.execute (MojoExecutor.java:159)
    at org.apache.maven.lifecycle.internal.LifecycleModuleBuilder.buildProject (LifecycleModuleBuilder.java:105)
    at org.apache.maven.lifecycle.internal.LifecycleModuleBuilder.buildProject (LifecycleModuleBuilder.java:73)
    at org.apache.maven.lifecycle.internal.builder.singlethreaded.SingleThreadedBuilder.build (SingleThreadedBuilder.java:53)
    at org.apache.maven.lifecycle.internal.LifecycleStarter.execute (LifecycleStarter.java:118)
    at org.apache.maven.DefaultMaven.doExecute (DefaultMaven.java:261)
    at org.apache.maven.DefaultMaven.doExecute (DefaultMaven.java:173)
    at org.apache.maven.DefaultMaven.execute (DefaultMaven.java:101)
    at org.apache.maven.cli.MavenCli.execute (MavenCli.java:906)
    at org.apache.maven.cli.MavenCli.doMain (MavenCli.java:283)
    at org.apache.maven.cli.MavenCli.main (MavenCli.java:206)
    at jdk.internal.reflect.NativeMethodAccessorImpl.invoke0 (Native Method)
    at jdk.internal.reflect.NativeMethodAccessorImpl.invoke (NativeMethodAccessorImpl.java:77)
    at jdk.internal.reflect.DelegatingMethodAccessorImpl.invoke (DelegatingMethodAccessorImpl.java:43)
    at java.lang.reflect.Method.invoke (Method.java:569)
    at org.codehaus.plexus.classworlds.launcher.Launcher.launchEnhanced (Launcher.java:255)
    at org.codehaus.plexus.classworlds.launcher.Launcher.launch (Launcher.java:201)
    at org.codehaus.plexus.classworlds.launcher.Launcher.mainWithExitCode (Launcher.java:361)
    at org.codehaus.plexus.classworlds.launcher.Launcher.main (Launcher.java:314)
[ERROR] 
[ERROR] Re-run Maven using the -X switch to enable full debug logging.
[ERROR] 
[ERROR] For more information about the errors and possible solutions, please read the following articles:
[ERROR] [Help 1] http://cwiki.apache.org/confluence/display/MAVEN/MojoFailureException
